[pixerli.framer.website/index.html]
[backblue.gif]
[fade.gif]
[index.html]
[framerusercontent.com/images/5rgicCeO2lm0dfvOps10eseWeM.png]
[framerusercontent.com/images/plqYYixRkZrnGEqtfSJMgPTdC3Yd318.png]
[framerusercontent.com/images/32xbQ0Al6yHnoa8YJGNyzv7r4464a1.png]
[framerusercontent.com/images/rR6HYXBrMmX4cRpXfXUOvpvpB0.png]
[framerusercontent.com/images/8NwM8OJTD5w1ifBbPlzYfk53GO8e6c6.png]
[framerusercontent.com/images/m0rMdzv4IJUAYU1Z4R0NJjiiCk067d.png]
[framerusercontent.com/images/6795OmczjziRYTDAPznMX1jVCg42eb.png]
[framerusercontent.com/images/WiRq2RXDNgKF0wBu0UKAqHFdFM8b83.png]
[pixerli.framer.website/contact.html]
[framerusercontent.com/images/YMd9DYJZY8PQzgfaFwJVGX0pMiM87ff.png]
[framerusercontent.com/images/52K6VRjtuIO9nNOJsMiah86xV3Ufe82.png]
[framerusercontent.com/images/a0p6RRoizkBmJxvi7POQk1C5jLw14bc.png]
[pixerli.framer.website/projects.html]
[framerusercontent.com/images/ECLkLg5RgPNIpuszaIwR2Zv04ed3.png]
[pixerli.framer.website/projects/vsi.html]
[framerusercontent.com/images/h7kuBBiS7fqgNh4griUI1eqQ5g6c9c.png]
[framerusercontent.com/images/wSAoPQzad09zqmaWd0nCrELNLo6084.png]
[framerusercontent.com/images/xLoc531KAQJv2LchhlrwkcktY2dc2.jpg]
[framerusercontent.com/images/5xvUOQCgLAG7x2mVEGsy7yDdDw1134.png]
[framerusercontent.com/images/c9btQs5GEt8XF0S2DoyeHWRgnRE2dc2.jpg]
[framerusercontent.com/images/32EDQDFiDduw7UCiEoS8HMemO42f0b.png]
[framerusercontent.com/images/OktNDt1c8eTB6lyvjZuY4WQbuUa266.png]
[framerusercontent.com/images/6748hiCKHtXTC1Mn2zshDsSu7I817b.png]
[framerusercontent.com/images/4h4nxHDCPOWauqNJTv5zE6czko9206.png]
[framerusercontent.com/images/bB4We4SKwRVCd2rWt0ohxws7bFA8f7f.png]
[framerusercontent.com/images/SY3fX5MzYunMFMhAAbPnN3G2TEe369.png]
[framerusercontent.com/images/B3AXI3HOLmqCYDkvKApIBGQpomE4667.png]
[framerusercontent.com/images/4lt73heMGhjaZL60a6gT5jKtZxYaa4a.png]
[framerusercontent.com/images/gbkO7rvRWWXzCLXzqE6LiGzJk484fa.png]
[pixerli.framer.website/terms-of-service.html]
[pixerli.framer.website/privacy-policy.html]
[framerusercontent.com/images/M8wzz19GZtHvkDOYvpNmIavSQw8f9e0.png]
[framerusercontent.com/images/h7kuBBiS7fqgNh4griUI1eqQ5g2920.png]
[framerusercontent.com/images/wSAoPQzad09zqmaWd0nCrELNLo4906.png]
[framerusercontent.com/images/xLoc531KAQJv2LchhlrwkcktY9a4e.jpg]
[framerusercontent.com/images/c9btQs5GEt8XF0S2DoyeHWRgnRE4ef8.jpg]
[framerusercontent.com/images/32EDQDFiDduw7UCiEoS8HMemO4e227.png]
[pixerli.framer.website/index.html]
[framerusercontent.com/images/4JIGCaNtP0VpqDGendk76gqrZE75b0.png]
[pixerli.framer.website/contact.html]
[framerusercontent.com/images/NEAEkUiU8H9fNw1zfdD2EeDQ0f1a5.png]
[pixerli.framer.website/projects/vednix.html]
[pixerli.framer.website/projects.html]
[pixerli.framer.website/projects/oliveclear.html]
[framerusercontent.com/images/97pPDiD9Ghr6AUvYLD2tgSXmTFwfdb4.png]
[framerusercontent.com/images/cFUpnA6urSlg7p5AKMgBban2H709e95.png]
[framerusercontent.com/images/GknUEeTgrqdhJaUxLk0EccOjq0bd31.png]
[framerusercontent.com/images/cFUpnA6urSlg7p5AKMgBban2H70f473.png]
[framerusercontent.com/images/GknUEeTgrqdhJaUxLk0EccOjq0ac2f.png]
[framerusercontent.com/images/6795OmczjziRYTDAPznMX1jVCgd237.png]
[pixerli.framer.website/projects/vsi.html]
[framerusercontent.com/images/psSsDnPxiwqaEVCugg62cuf0e06f.png]
[pixerli.framer.website/terms-of-service.html]
[pixerli.framer.website/privacy-policy.html]
[framerusercontent.com/images/xeouwav5eNGKSGSkSE4K1UKGg4874.png]
[framerusercontent.com/images/cHlojO5NHMgwHsdczJKfmgdlyT41c68.png]
[framerusercontent.com/images/lfT79RH7zGyFBEMekwyu8VyMcAg09a2.png]
[framerusercontent.com/images/xeouwav5eNGKSGSkSE4K1UKGg0801.png]
[framerusercontent.com/images/cHlojO5NHMgwHsdczJKfmgdlyT43348.png]
[framerusercontent.com/images/lfT79RH7zGyFBEMekwyu8VyMcAg76e6.png]
[pixerli.framer.website/projects/vednix.html]
[framerusercontent.com/images/S9X5Yn9V5GyVaC06a37SIRejYCs05ef.png]
[framerusercontent.com/images/npMuVkgeEwGigEQxuTtg9jzUqtU6c9c.png]
[framerusercontent.com/images/2XGFNjCrd8Cg7uBSdefiidfRI480f.png]
[framerusercontent.com/images/S9X5Yn9V5GyVaC06a37SIRejYCs7c64.png]
[framerusercontent.com/images/npMuVkgeEwGigEQxuTtg9jzUqtU45ba.png]
[framerusercontent.com/images/2XGFNjCrd8Cg7uBSdefiidfRI1728.png]
[pixerli.framer.website/projects/oliveclear.html]
